<?xml version="1.0" encoding="UTF-8" ?>
<testsuites name="vitest tests" tests="4" failures="0" errors="0" time="0.1395435">
    <testsuite name="src/simple.test.jsx" timestamp="2025-10-28T18:13:41.902Z" hostname="AsusTUFGaming" tests="1" failures="0" errors="0" skipped="0" time="0.0020484">
        <testcase classname="src/simple.test.jsx" name="Simple Test Suite &gt; should pass" time="0.0010747">
        </testcase>
    </testsuite>
    <testsuite name="src/pages/LoginForm.test.jsx" timestamp="2025-10-28T18:13:41.904Z" hostname="AsusTUFGaming" tests="3" failures="0" errors="0" skipped="0" time="0.1374951">
        <testcase classname="src/pages/LoginForm.test.jsx" name="LoginForm Component &gt; debería renderizar el formulario correctamente" time="0.0884477">
            <system-err>
⚠️ React Router Future Flag Warning: React Router will begin wrapping state updates in `React.startTransition` in v7. You can use the `v7_startTransition` future flag to opt-in early. For more information, see https://reactrouter.com/v6/upgrading/future#v7_starttransition.
⚠️ React Router Future Flag Warning: Relative route resolution within Splat routes is changing in v7. You can use the `v7_relativeSplatPath` future flag to opt-in early. For more information, see https://reactrouter.com/v6/upgrading/future#v7_relativesplatpath.

            </system-err>
        </testcase>
        <testcase classname="src/pages/LoginForm.test.jsx" name="LoginForm Component &gt; debería mostrar mensaje de error con credenciales incorrectas" time="0.0307143">
        </testcase>
        <testcase classname="src/pages/LoginForm.test.jsx" name="LoginForm Component &gt; debería llamar a onLogin y navegar con credenciales correctas" time="0.0169815">
        </testcase>
    </testsuite>
</testsuites>
